// Jest Snapshot v1, https://goo.gl/fbAQLP

exports[`partial-template-strings.js error test 1`] = `
"Unexpected token (6:42)
  4 | 
  5 | const Diagnostics = {
> 6 |   unexpected_token: \`Unexpected token: \${?}\`,
    |                                          ^
  7 |   name_not_found: \`'\${?}' not found.\`
  8 | };
  9 | Diagnostics.name_not_found(\\"foo\\"); // \\"'foo' not found.\\""
`;

exports[`static-import-source-should-not-has-extra-token.js error test 1`] = `
"Unexpected token (4:16)
  2 | // be parenthesized, that accidentally break #8016
  3 | 
> 4 | import {} from (('a'));
    |                ^
  5 | "
`;
