// Jest Snapshot v1, https://goo.gl/fbAQLP

exports[` 1`] = `
"Snapshot Diff:
- First value
+ Second value

@@ -20,10 +20,12 @@
                             Control how Prettier formats quoted code embedded in the file.
                             Defaults to auto.
    --end-of-line <lf|crlf|cr|auto>
                             Which end of line characters to apply.
                             Defaults to lf.
+   --foo-string <string>    foo description
+                            Defaults to bar.
    --html-whitespace-sensitivity <css|strict|ignore>
                             How to handle whitespaces in HTML.
                             Defaults to css.
    --jsx-bracket-same-line  Put > on the last line instead of at a new line.
                             Defaults to false."
`;

exports[`show detailed external option with \`--help foo-string\` (stderr) 1`] = `""`;

exports[`show detailed external option with \`--help foo-string\` (stdout) 1`] = `
"--foo-string <string>

  foo description

Default: bar
"
`;

exports[`show detailed external option with \`--help foo-string\` (write) 1`] = `Array []`;
