// Jest Snapshot v1, https://goo.gl/fbAQLP

exports[`issue2296.graphql format 1`] = `
====================================options=====================================
parsers: ["graphql"]
printWidth: 80
                                                                                | printWidth
=====================================input======================================
{NPC{life}}

=====================================output=====================================
{
  NPC {
    life
  }
}

================================================================================
`;
