// Jest Snapshot v1, https://goo.gl/fbAQLP

exports[`component.hbs - {"singleQuote":true} format 1`] = `
====================================options=====================================
parsers: ["glimmer"]
printWidth: 80
singleQuote: true
                                                                                | printWidth
=====================================input======================================
<UserGreeting @name="Ricardo" @greeting="Ol치" />
{{@greeting}}, {{@name}}!

<div>
  <UserGreeting
    @aVeryLongArgumentNameThatIsStillGoing={{@alsoAVeryLongArgument}}
  />
</div>

<Form as |f|>
  <f.input @title="hello" />
  <f.input>hello</f.input>
</Form>

<this.label @title="hello" />

<button onclick={{action next}}>Next</button>

<button disabled class="disabled"></button>

<button disabled=disabled class="disabled"></button>

<img alt="" />

<div ...attributes>Hello</div>

<ul class="list-unstyled
  one-tab">
</ul>
=====================================output=====================================
<UserGreeting @name='Ricardo' @greeting='Ol치' />
{{@greeting}}, {{@name}}!

<div>
  <UserGreeting
    @aVeryLongArgumentNameThatIsStillGoing={{@alsoAVeryLongArgument}}
  />
</div>

<Form as |f|>
  <f.input @title='hello' />
  <f.input>
    hello
  </f.input>
</Form>

<this.label @title='hello' />

<button onclick={{action next}}>
  Next
</button>

<button disabled class='disabled'></button>

<button disabled='disabled' class='disabled'></button>

<img alt='' />

<div ...attributes>
  Hello
</div>

<ul class='list-unstyled
  one-tab'>
</ul>
================================================================================
`;

exports[`component.hbs format 1`] = `
====================================options=====================================
parsers: ["glimmer"]
printWidth: 80
                                                                                | printWidth
=====================================input======================================
<UserGreeting @name="Ricardo" @greeting="Ol치" />
{{@greeting}}, {{@name}}!

<div>
  <UserGreeting
    @aVeryLongArgumentNameThatIsStillGoing={{@alsoAVeryLongArgument}}
  />
</div>

<Form as |f|>
  <f.input @title="hello" />
  <f.input>hello</f.input>
</Form>

<this.label @title="hello" />

<button onclick={{action next}}>Next</button>

<button disabled class="disabled"></button>

<button disabled=disabled class="disabled"></button>

<img alt="" />

<div ...attributes>Hello</div>

<ul class="list-unstyled
  one-tab">
</ul>
=====================================output=====================================
<UserGreeting @name="Ricardo" @greeting="Ol치" />
{{@greeting}}, {{@name}}!

<div>
  <UserGreeting
    @aVeryLongArgumentNameThatIsStillGoing={{@alsoAVeryLongArgument}}
  />
</div>

<Form as |f|>
  <f.input @title="hello" />
  <f.input>
    hello
  </f.input>
</Form>

<this.label @title="hello" />

<button onclick={{action next}}>
  Next
</button>

<button disabled class="disabled"></button>

<button disabled="disabled" class="disabled"></button>

<img alt="" />

<div ...attributes>
  Hello
</div>

<ul class="list-unstyled
  one-tab">
</ul>
================================================================================
`;

exports[`literals.hbs - {"singleQuote":true} format 1`] = `
====================================options=====================================
parsers: ["glimmer"]
printWidth: 80
singleQuote: true
                                                                                | printWidth
=====================================input======================================
{{mustache true}}
{{mustache 5}}
{{mustache undefined}}
{{mustache null}}
<!-- hello world -->
{{! Mustache Comment}}
{{!-- Mustache Comment }} --}}

=====================================output=====================================
{{mustache true}}
{{mustache 5}}
{{mustache undefined}}
{{mustache null}}
<!-- hello world -->
{{! Mustache Comment}}
{{!-- Mustache Comment }} --}}
================================================================================
`;

exports[`literals.hbs format 1`] = `
====================================options=====================================
parsers: ["glimmer"]
printWidth: 80
                                                                                | printWidth
=====================================input======================================
{{mustache true}}
{{mustache 5}}
{{mustache undefined}}
{{mustache null}}
<!-- hello world -->
{{! Mustache Comment}}
{{!-- Mustache Comment }} --}}

=====================================output=====================================
{{mustache true}}
{{mustache 5}}
{{mustache undefined}}
{{mustache null}}
<!-- hello world -->
{{! Mustache Comment}}
{{!-- Mustache Comment }} --}}
================================================================================
`;

exports[`nested-path.hbs - {"singleQuote":true} format 1`] = `
====================================options=====================================
parsers: ["glimmer"]
printWidth: 80
singleQuote: true
                                                                                | printWidth
=====================================input======================================
<div class="entry">
  <h1>{{title}}</h1>
  <h2>By {{author.name}}</h2>

  <div class="body">
    {{body}}
  </div>
</div>

=====================================output=====================================
<div class='entry'>
  <h1>
    {{title}}
  </h1>
  <h2>
    By {{author.name}}
  </h2>

  <div class='body'>
    {{body}}
  </div>
</div>
================================================================================
`;

exports[`nested-path.hbs format 1`] = `
====================================options=====================================
parsers: ["glimmer"]
printWidth: 80
                                                                                | printWidth
=====================================input======================================
<div class="entry">
  <h1>{{title}}</h1>
  <h2>By {{author.name}}</h2>

  <div class="body">
    {{body}}
  </div>
</div>

=====================================output=====================================
<div class="entry">
  <h1>
    {{title}}
  </h1>
  <h2>
    By {{author.name}}
  </h2>

  <div class="body">
    {{body}}
  </div>
</div>
================================================================================
`;

exports[`raw.hbs - {"singleQuote":true} format 1`] = `
====================================options=====================================
parsers: ["glimmer"]
printWidth: 80
singleQuote: true
                                                                                | printWidth
=====================================input======================================
<p>{{{raw}}}</p>

=====================================output=====================================
<p>
  {{{raw}}}
</p>
================================================================================
`;

exports[`raw.hbs format 1`] = `
====================================options=====================================
parsers: ["glimmer"]
printWidth: 80
                                                                                | printWidth
=====================================input======================================
<p>{{{raw}}}</p>

=====================================output=====================================
<p>
  {{{raw}}}
</p>
================================================================================
`;

exports[`string-literals.hbs - {"singleQuote":true} format 1`] = `
====================================options=====================================
parsers: ["glimmer"]
printWidth: 80
singleQuote: true
                                                                                | printWidth
=====================================input======================================
{{"abc"}}
{{'abc'}}
{{" \\" \\" ' more double quote than single quote "}}
{{' \\' \\' " more single quote than double quote '}}
{{' " \\' \\" \\\\ '}}
{{" \\" \\' ' \\\\ "}}

=====================================output=====================================
{{'abc'}}
{{'abc'}}
{{' " " \\' more double quote than single quote '}}
{{" ' ' \\" more single quote than double quote "}}
{{' " \\' \\" \\\\ '}}
{{" \\" \\' ' \\\\ "}}
================================================================================
`;

exports[`string-literals.hbs format 1`] = `
====================================options=====================================
parsers: ["glimmer"]
printWidth: 80
                                                                                | printWidth
=====================================input======================================
{{"abc"}}
{{'abc'}}
{{" \\" \\" ' more double quote than single quote "}}
{{' \\' \\' " more single quote than double quote '}}
{{' " \\' \\" \\\\ '}}
{{" \\" \\' ' \\\\ "}}

=====================================output=====================================
{{"abc"}}
{{"abc"}}
{{' " " \\' more double quote than single quote '}}
{{" ' ' \\" more single quote than double quote "}}
{{' " \\' \\" \\\\ '}}
{{" \\" \\' ' \\\\ "}}
================================================================================
`;
