// Jest Snapshot v1, https://goo.gl/fbAQLP

exports[`custom_block.vue - {"embeddedLanguageFormatting":"off"} error test 1`] = `
"Unexpected character \\"\\"\\" (2:16)
  1 | <custom lang=\\"js\\">
> 2 | const foo = \\"</\\";
    |                ^
  3 | </custom>
  4 | "
`;

exports[`custom_block.vue - {"semi":false} error test 1`] = `
"Unexpected character \\"\\"\\" (2:16)
  1 | <custom lang=\\"js\\">
> 2 | const foo = \\"</\\";
    |                ^
  3 | </custom>
  4 | "
`;

exports[`custom_block.vue - {"trailingComma":"none"} error test 1`] = `
"Unexpected character \\"\\"\\" (2:16)
  1 | <custom lang=\\"js\\">
> 2 | const foo = \\"</\\";
    |                ^
  3 | </custom>
  4 | "
`;

exports[`custom_block.vue - {"vueIndentScriptAndStyle":true} error test 1`] = `
"Unexpected character \\"\\"\\" (2:16)
  1 | <custom lang=\\"js\\">
> 2 | const foo = \\"</\\";
    |                ^
  3 | </custom>
  4 | "
`;

exports[`custom_block.vue error test 1`] = `
"Unexpected character \\"\\"\\" (2:16)
  1 | <custom lang=\\"js\\">
> 2 | const foo = \\"</\\";
    |                ^
  3 | </custom>
  4 | "
`;

exports[`custom_block.vue error test 2`] = `
"Unexpected character \\"\\"\\" (2:16)
  1 | <custom lang=\\"js\\">
> 2 | const foo = \\"</\\";
    |                ^
  3 | </custom>
  4 | "
`;
